<html>
<body>
<pre>
<h1>µVision Build Log</h1>
<h2>Tool Versions:</h2>
IDE-Version: ¦ÌVision V5.40.0.0
Copyright (C) 2024 ARM Ltd and ARM Germany GmbH. All rights reserved.
License Information: 1 TC, 1, LIC=D0D7S-L1KJA-KPHZY-I26Z1-SZ4P0-1MWN9
 
Tool Versions:
Toolchain:       MDK-ARM Plus  Version: 5.40.0.3
Toolchain Path:  D:\EmbeddedDevelopment\keil_5\ARM\ARMCLANG\Bin
C Compiler:      ArmClang.exe V6.22
Assembler:       Armasm.exe V6.22
Linker/Locator:  ArmLink.exe V6.22
Library Manager: ArmAr.exe V6.22
Hex Converter:   FromElf.exe V6.22
CPU DLL:         SARMCM3.DLL V5.40.0.3
Dialog DLL:      DARMSTM.DLL V1.69.1.0
Target DLL:      STLink\ST-LINKIII-KEIL_SWO.dll V3.3.0.0
Dialog DLL:      TARMSTM.DLL V1.67.1.0
 
<h2>Project:</h2>
E:\Project\Nonstandard_SPI\Spi_top\MDK-ARM\Spi_top.uvprojx
Project File Date:  06/14/2024

<h2>Output:</h2>
*** Using Compiler 'V6.22', folder: 'D:\EmbeddedDevelopment\keil_5\ARM\ARMCLANG\Bin'
Build target 'Spi_top'
linking...
Program Size: Code=10140 RO-data=472 RW-data=60 ZI-data=1364  
FromELF: creating hex file...
"Spi_top\Spi_top.axf" - 0 Error(s), 0 Warning(s).

<h2>Software Packages used:</h2>

Package Vendor: ARM
                https://www.keil.com/pack/ARM.CMSIS.6.1.0.pack
                ARM::CMSIS@6.1.0
                CMSIS (Common Microcontroller Software Interface Standard)
   * Component: CORE Version: 6.1.0

Package Vendor: Keil
                http://www.keil.com/pack/Keil.STM32F1xx_DFP.2.0.0.pack
                Keil::STM32F1xx_DFP@2.0.0
                STMicroelectronics STM32F1 Series Device Support, Drivers and Examples

<h2>Collection of Component include folders:</h2>
  ./RTE/_Spi_top
  D:/EmbeddedDevelopment/Arm/Packs/ARM/CMSIS/6.1.0/CMSIS/Core/Include
  D:/EmbeddedDevelopment/Arm/Packs/Keil/STM32F1xx_DFP/2.0.0/Device/Include

<h2>Collection of Component Files used:</h2>

   * Component: ARM::CMSIS:CORE@6.1.0
      Include file:  CMSIS/Core/Include/tz_context.h
Build Time Elapsed:  00:00:00
</pre>
</body>
</html>
